Dimensoes da matriz:
Matriz
96	75	182	119	
95	124	145	85	
37	96	133	136	
107	88	66	64	
